// Jest Snapshot v1, https://goo.gl/fbAQLP

exports[`snapshot test should match generated type 1`] = `
"import { Schema, Model, Document } from 'mongoose' 

interface UserInfoNpm {
    url?: string;
}

interface UserInfo {
    email?: string;
    github: string;
    npm: UserInfoNpm;
}

interface UserFamily {
    familyName?: string;
    id?: any;
}

export interface User {
    name?: string;
    lastname?: string;
    rank?: number;
    books?: string[];
    authId?: Schema.Types.ObjectId;
    info: UserInfo;
    matrix3D?: string[][][];
    family: UserFamily;
    updatedAt?: Date;
    createdAt?: Date;
    fullName?: any;
    fullNameTyped?: string[];
    initializeTimestamps: Function;
    writeBook: Function;
}

export type UserDocument = User & Document
export interface UserModel extends Model<UserDocument> {
    findUserByBook: Function;
}

"
`;
